Jun-01 13:37:50.686 [main] DEBUG nextflow.cli.Launcher - $> nextflow run main.nf -profile test,local -with-docker 'make_lastz_chains:3.1.0'
Jun-01 13:37:50.738 [main] INFO  nextflow.cli.CmdRun - N E X T F L O W  ~  version 23.10.0
Jun-01 13:37:50.754 [main] DEBUG nextflow.plugin.PluginsFacade - Setting up plugin manager > mode=prod; embedded=false; plugins-dir=/tmp/nxf-home/plugins; core-plugins: nf-amazon@2.1.4,nf-azure@1.3.2,nf-cloudcache@0.3.0,nf-codecommit@0.1.5,nf-console@1.0.6,nf-ga4gh@1.1.0,nf-google@1.8.3,nf-tower@1.6.3,nf-wave@1.0.0
Jun-01 13:37:50.762 [main] INFO  o.pf4j.DefaultPluginStatusProvider - Enabled plugins: []
Jun-01 13:37:50.763 [main] INFO  o.pf4j.DefaultPluginStatusProvider - Disabled plugins: []
Jun-01 13:37:50.765 [main] INFO  org.pf4j.DefaultPluginManager - PF4J version 3.4.1 in 'deployment' mode
Jun-01 13:37:50.771 [main] INFO  org.pf4j.AbstractPluginManager - No plugins
Jun-01 13:37:50.786 [main] DEBUG nextflow.config.ConfigBuilder - Found config local: /home/alejandro/Documents/projects/hillerlab/containers/modules/make_lastz_chains/nextflow.config
Jun-01 13:37:50.788 [main] DEBUG nextflow.config.ConfigBuilder - Parsing config file: /home/alejandro/Documents/projects/hillerlab/containers/modules/make_lastz_chains/nextflow.config
Jun-01 13:37:50.803 [main] DEBUG nextflow.config.ConfigBuilder - Applying config profile: `test,local`
Jun-01 13:37:51.489 [main] DEBUG nextflow.config.ConfigBuilder - Available config profiles: [debug, test, apptainer, gpu, local, wave, docker, slurm, gitpod, shifter, mamba, charliecloud, conda, singularity, arm, podman]
Jun-01 13:37:51.499 [main] DEBUG nextflow.config.ConfigBuilder - Enabling execution in Docker container as requested by command-line option `-with-docker make_lastz_chains:3.1.0`
Jun-01 13:37:51.514 [main] DEBUG nextflow.cli.CmdRun - Applied DSL=2 from script declararion
Jun-01 13:37:51.526 [main] INFO  nextflow.cli.CmdRun - Launching `main.nf` [pedantic_borg] DSL2 - revision: b37a08f6ab
Jun-01 13:37:51.528 [main] DEBUG nextflow.plugin.PluginsFacade - Plugins default=[]
Jun-01 13:37:51.528 [main] DEBUG nextflow.plugin.PluginsFacade - Plugins resolved requirement=[]
Jun-01 13:37:51.534 [main] DEBUG n.secret.LocalSecretsProvider - Secrets store: /tmp/nxf-home/secrets/store.json
Jun-01 13:37:51.537 [main] DEBUG nextflow.secret.SecretsLoader - Discovered secrets providers: [nextflow.secret.LocalSecretsProvider@61514735] - activable => nextflow.secret.LocalSecretsProvider@61514735
Jun-01 13:37:51.567 [main] DEBUG nextflow.Session - Session UUID: 75b09be6-692d-461d-bd45-796306ee451e
Jun-01 13:37:51.567 [main] DEBUG nextflow.Session - Run name: pedantic_borg
Jun-01 13:37:51.567 [main] DEBUG nextflow.Session - Executor pool size: 16
Jun-01 13:37:51.572 [main] DEBUG nextflow.file.FilePorter - File porter settings maxRetries=3; maxTransfers=50; pollTimeout=null
Jun-01 13:37:51.590 [main] DEBUG nextflow.cli.CmdRun - 
  Version: 23.10.0 build 5889
  Created: 15-10-2023 15:07 UTC (17:07 CEST)
  System: Linux 6.14.5-100.fc40.x86_64
  Runtime: Groovy 3.0.19 on OpenJDK 64-Bit Server VM 21.0.7+6
  Encoding: UTF-8 (UTF-8)
  Process: 3166892@ve-5ncyl13.SGN.intra [192.168.175.243]
  CPUs: 16 - Mem: 125.7 GB (40.6 GB) - Swap: 8 GB (8 GB) - Virtual threads ON
Jun-01 13:37:51.610 [main] DEBUG nextflow.Session - Work-dir: /home/alejandro/Documents/projects/hillerlab/containers/modules/make_lastz_chains/work [btrfs]
Jun-01 13:37:51.623 [main] DEBUG nextflow.executor.ExecutorFactory - Extension executors providers=[]
Jun-01 13:37:51.630 [main] DEBUG nextflow.Session - Observer factory: DefaultObserverFactory
Jun-01 13:37:51.675 [main] DEBUG nextflow.cache.CacheFactory - Using Nextflow cache factory: nextflow.cache.DefaultCacheFactory
Jun-01 13:37:51.682 [main] DEBUG nextflow.util.CustomPoolFactory - Creating virtual thread pool
Jun-01 13:37:51.752 [main] DEBUG nextflow.Session - Session start
Jun-01 13:37:51.755 [main] DEBUG nextflow.trace.TraceFileObserver - Workflow started -- trace file: /home/alejandro/Documents/projects/hillerlab/containers/modules/make_lastz_chains/test_results/pipeline_info/execution_trace_2026-06-01_13-37-51.txt
Jun-01 13:37:52.023 [main] DEBUG nextflow.script.ScriptRunner - > Launching execution
Jun-01 13:37:52.136 [main] DEBUG nextflow.script.ScriptRunner - Parsed script files:
  Script_318e37212f5d1f5e: /home/alejandro/Documents/projects/hillerlab/containers/modules/make_lastz_chains/main.nf
  Script_c7332e25441a59e2: /home/alejandro/Documents/projects/hillerlab/containers/modules/make_lastz_chains/./workflows/make_lastz_chains.nf
Jun-01 13:37:52.143 [main] ERROR nextflow.cli.Launcher - Module compilation error
- file : /home/alejandro/Documents/projects/hillerlab/containers/modules/make_lastz_chains/./workflows/../subworkflows/local/prepare_genomes/main.nf
- cause: Variable `genome_path` already defined in the process scope @ line 37, column 21.
       def is_twobit = genome_path.endsWith('.2bit')
                       ^

1 error

nextflow.exception.ScriptCompilationException: Module compilation error
- file : /home/alejandro/Documents/projects/hillerlab/containers/modules/make_lastz_chains/./workflows/../subworkflows/local/prepare_genomes/main.nf
- cause: Variable `genome_path` already defined in the process scope @ line 37, column 21.
       def is_twobit = genome_path.endsWith('.2bit')
                       ^

1 error

	at nextflow.script.ScriptParser.parse0(ScriptParser.groovy:196)
	at nextflow.script.ScriptParser.parse(ScriptParser.groovy:206)
	at nextflow.script.ScriptParser.runScript(ScriptParser.groovy:221)
	at nextflow.script.IncludeDef.memoizedMethodPriv$loadModule0PathMapSession(IncludeDef.groovy:151)
	at nextflow.script.IncludeDef.access$0(IncludeDef.groovy)
	at nextflow.script.IncludeDef$__clinit__closure2.doCall(IncludeDef.groovy)
	at java.base/jdk.internal.reflect.DirectMethodHandleAccessor.invoke(DirectMethodHandleAccessor.java:103)
	at java.base/java.lang.reflect.Method.invoke(Method.java:580)
	at org.codehaus.groovy.reflection.CachedMethod.invoke(CachedMethod.java:107)
	at groovy.lang.MetaMethod.doMethodInvoke(MetaMethod.java:323)
	at org.codehaus.groovy.runtime.metaclass.ClosureMetaClass.invokeMethod(ClosureMetaClass.java:274)
	at groovy.lang.MetaClassImpl.invokeMethod(MetaClassImpl.java:1030)
	at groovy.lang.Closure.call(Closure.java:427)
	at org.codehaus.groovy.runtime.memoize.Memoize$MemoizeFunction.lambda$call$0(Memoize.java:137)
	at org.codehaus.groovy.runtime.memoize.ConcurrentCommonCache.getAndPut(ConcurrentCommonCache.java:137)
	at org.codehaus.groovy.runtime.memoize.ConcurrentCommonCache.getAndPut(ConcurrentCommonCache.java:113)
	at org.codehaus.groovy.runtime.memoize.Memoize$MemoizeFunction.call(Memoize.java:136)
	at nextflow.script.IncludeDef.loadModule0(IncludeDef.groovy)
	at nextflow.script.IncludeDef.load0(IncludeDef.groovy:123)
	at nextflow.script.IncludeDef$load0$1.call(Unknown Source)
	at org.codehaus.groovy.runtime.callsite.CallSiteArray.defaultCall(CallSiteArray.java:47)
	at org.codehaus.groovy.runtime.callsite.AbstractCallSite.call(AbstractCallSite.java:125)
	at org.codehaus.groovy.runtime.callsite.AbstractCallSite.call(AbstractCallSite.java:139)
	at Script_c7332e25441a59e2.runScript(Script_c7332e25441a59e2:20)
	at nextflow.script.BaseScript.run0(BaseScript.groovy:144)
	at nextflow.script.BaseScript.run(BaseScript.groovy:192)
	at nextflow.script.ScriptParser.runScript(ScriptParser.groovy:236)
	at nextflow.script.ScriptParser.runScript(ScriptParser.groovy:222)
	at nextflow.script.IncludeDef.memoizedMethodPriv$loadModule0PathMapSession(IncludeDef.groovy:151)
	at nextflow.script.IncludeDef.access$0(IncludeDef.groovy)
	at nextflow.script.IncludeDef$__clinit__closure2.doCall(IncludeDef.groovy)
	at java.base/jdk.internal.reflect.DirectMethodHandleAccessor.invoke(DirectMethodHandleAccessor.java:103)
	at java.base/java.lang.reflect.Method.invoke(Method.java:580)
	at org.codehaus.groovy.reflection.CachedMethod.invoke(CachedMethod.java:107)
	at groovy.lang.MetaMethod.doMethodInvoke(MetaMethod.java:323)
	at org.codehaus.groovy.runtime.metaclass.ClosureMetaClass.invokeMethod(ClosureMetaClass.java:274)
	at groovy.lang.MetaClassImpl.invokeMethod(MetaClassImpl.java:1030)
	at groovy.lang.Closure.call(Closure.java:427)
	at org.codehaus.groovy.runtime.memoize.Memoize$MemoizeFunction.lambda$call$0(Memoize.java:137)
	at org.codehaus.groovy.runtime.memoize.ConcurrentCommonCache.getAndPut(ConcurrentCommonCache.java:137)
	at org.codehaus.groovy.runtime.memoize.ConcurrentCommonCache.getAndPut(ConcurrentCommonCache.java:113)
	at org.codehaus.groovy.runtime.memoize.Memoize$MemoizeFunction.call(Memoize.java:136)
	at nextflow.script.IncludeDef.loadModule0(IncludeDef.groovy)
	at nextflow.script.IncludeDef.load0(IncludeDef.groovy:123)
	at nextflow.script.IncludeDef$load0$1.call(Unknown Source)
	at org.codehaus.groovy.runtime.callsite.CallSiteArray.defaultCall(CallSiteArray.java:47)
	at org.codehaus.groovy.runtime.callsite.AbstractCallSite.call(AbstractCallSite.java:125)
	at org.codehaus.groovy.runtime.callsite.AbstractCallSite.call(AbstractCallSite.java:139)
	at Script_318e37212f5d1f5e.runScript(Script_318e37212f5d1f5e:97)
	at nextflow.script.BaseScript.run0(BaseScript.groovy:144)
	at nextflow.script.BaseScript.run(BaseScript.groovy:192)
	at nextflow.script.ScriptParser.runScript(ScriptParser.groovy:236)
	at nextflow.script.ScriptRunner.run(ScriptRunner.groovy:242)
	at nextflow.script.ScriptRunner.execute(ScriptRunner.groovy:137)
	at nextflow.cli.CmdRun.run(CmdRun.groovy:372)
	at nextflow.cli.Launcher.run(Launcher.groovy:499)
	at nextflow.cli.Launcher.main(Launcher.groovy:670)
Caused by: org.codehaus.groovy.control.MultipleCompilationErrorsException: startup failed:
Script_6448977979b57019: 37: Variable `genome_path` already defined in the process scope @ line 37, column 21.
       def is_twobit = genome_path.endsWith('.2bit')
                       ^

1 error

	at org.codehaus.groovy.control.ErrorCollector.failIfErrors(ErrorCollector.java:292)
	at org.codehaus.groovy.control.CompilationUnit$IPrimaryClassNodeOperation.doPhaseOperation(CompilationUnit.java:985)
	at org.codehaus.groovy.control.CompilationUnit.processPhaseOperations(CompilationUnit.java:672)
	at org.codehaus.groovy.control.CompilationUnit.compile(CompilationUnit.java:636)
	at groovy.lang.GroovyClassLoader.doParseClass(GroovyClassLoader.java:389)
	at groovy.lang.GroovyClassLoader.lambda$parseClass$3(GroovyClassLoader.java:332)
	at org.codehaus.groovy.runtime.memoize.StampedCommonCache.compute(StampedCommonCache.java:163)
	at org.codehaus.groovy.runtime.memoize.StampedCommonCache.getAndPut(StampedCommonCache.java:154)
	at groovy.lang.GroovyClassLoader.parseClass(GroovyClassLoader.java:330)
	at groovy.lang.GroovyShell.parseClass(GroovyShell.java:526)
	at groovy.lang.GroovyShell.parse(GroovyShell.java:538)
	at groovy.lang.GroovyShell.parse(GroovyShell.java:570)
	at nextflow.script.ScriptParser.parse0(ScriptParser.groovy:175)
	... 56 common frames omitted
